Nothing to build in platform 'top_bd_wrapper'

15:58:50 **** Incremental Build of configuration Debug for project bad_apple_app ****
make all 
make --no-print-directory pre-build
a9-linaro-pre-build-step
 
make --no-print-directory main-build
Building file: ../src/main.c
Invoking: ARM v7 gcc compiler
arm-none-eabi-gcc -Wall -O0 -g3 -c -fmessage-length=0 -MT"src/main.o" -mcpu=cortex-a9 -mfpu=vfpv3 -mfloat-abi=hard -I/home/hydrangea/project/AMD/bad_apple_7020_lcd/workspace/top_bd_wrapper/export/top_bd_wrapper/sw/top_bd_wrapper/standalone_ps7_cortexa9_0/bspinclude/include -MMD -MP -MF"src/main.d" -MT"src/main.o" -o "src/main.o" "../src/main.c"
../src/main.c: In function 'uart_ps_send':
../src/main.c:69:30: warning: pointer targets in passing argument 2 of 'XUartPs_Send' differ in signedness [-Wpointer-sign]
   69 |     XUartPs_Send(&Uart_Ps_0, "\n\r", 2);
      |                              ^~~~~~
      |                              |
      |                              char *
In file included from ../src/main.c:36:
/home/hydrangea/project/AMD/bad_apple_7020_lcd/workspace/top_bd_wrapper/export/top_bd_wrapper/sw/top_bd_wrapper/standalone_ps7_cortexa9_0/bspinclude/include/xuartps.h:449:43: note: expected 'u8 *' {aka 'unsigned char *'} but argument is of type 'char *'
  449 | u32 XUartPs_Send(XUartPs *InstancePtr,u8 *BufferPtr,
      |                                       ~~~~^~~~~~~~~
../src/main.c: In function 'read_frame':
../src/main.c:104:22: warning: pointer targets in passing argument 1 of 'uart_ps_send' differ in signedness [-Wpointer-sign]
  104 |         uart_ps_send("f_open failed\n", 14);
      |                      ^~~~~~~~~~~~~~~~~
      |                      |
      |                      char *
../src/main.c:63:23: note: expected 'u8 *' {aka 'unsigned char *'} but argument is of type 'char *'
   63 | void uart_ps_send(u8* data, u32 size){
      |                   ~~~~^~~~
../src/main.c:108:26: warning: pointer targets in passing argument 1 of 'uart_ps_send' differ in signedness [-Wpointer-sign]
  108 |             uart_ps_send("FR_DISK_ERR\n", 12);
      |                          ^~~~~~~~~~~~~~~
      |                          |
      |                          char *
../src/main.c:63:23: note: expected 'u8 *' {aka 'unsigned char *'} but argument is of type 'char *'
   63 | void uart_ps_send(u8* data, u32 size){
      |                   ~~~~^~~~
../src/main.c:111:26: warning: pointer targets in passing argument 1 of 'uart_ps_send' differ in signedness [-Wpointer-sign]
  111 |             uart_ps_send("FR_INT_ERR\n", 11);
      |                          ^~~~~~~~~~~~~~
      |                          |
      |                          char *
../src/main.c:63:23: note: expected 'u8 *' {aka 'unsigned char *'} but argument is of type 'char *'
   63 | void uart_ps_send(u8* data, u32 size){
      |                   ~~~~^~~~
../src/main.c:114:26: warning: pointer targets in passing argument 1 of 'uart_ps_send' differ in signedness [-Wpointer-sign]
  114 |             uart_ps_send("FR_NOT_READY\n", 13);
      |                          ^~~~~~~~~~~~~~~~
      |                          |
      |                          char *
../src/main.c:63:23: note: expected 'u8 *' {aka 'unsigned char *'} but argument is of type 'char *'
   63 | void uart_ps_send(u8* data, u32 size){
      |                   ~~~~^~~~
../src/main.c:117:26: warning: pointer targets in passing argument 1 of 'uart_ps_send' differ in signedness [-Wpointer-sign]
  117 |             uart_ps_send("FR_NO_FILE\n", 11);
      |                          ^~~~~~~~~~~~~~
      |                          |
      |                          char *
../src/main.c:63:23: note: expected 'u8 *' {aka 'unsigned char *'} but argument is of type 'char *'
   63 | void uart_ps_send(u8* data, u32 size){
      |                   ~~~~^~~~
../src/main.c:120:26: warning: pointer targets in passing argument 1 of 'uart_ps_send' differ in signedness [-Wpointer-sign]
  120 |             uart_ps_send("FR_NO_PATH\n", 11);
      |                          ^~~~~~~~~~~~~~
      |                          |
      |                          char *
../src/main.c:63:23: note: expected 'u8 *' {aka 'unsigned char *'} but argument is of type 'char *'
   63 | void uart_ps_send(u8* data, u32 size){
      |                   ~~~~^~~~
../src/main.c:123:26: warning: pointer targets in passing argument 1 of 'uart_ps_send' differ in signedness [-Wpointer-sign]
  123 |             uart_ps_send("FR_INVALID_NAME\n", 16);
      |                          ^~~~~~~~~~~~~~~~~~~
      |                          |
      |                          char *
../src/main.c:63:23: note: expected 'u8 *' {aka 'unsigned char *'} but argument is of type 'char *'
   63 | void uart_ps_send(u8* data, u32 size){
      |                   ~~~~^~~~
../src/main.c:126:26: warning: pointer targets in passing argument 1 of 'uart_ps_send' differ in signedness [-Wpointer-sign]
  126 |             uart_ps_send("FR_DENIED\n", 10);
      |                          ^~~~~~~~~~~~~
      |                          |
      |                          char *
../src/main.c:63:23: note: expected 'u8 *' {aka 'unsigned char *'} but argument is of type 'char *'
   63 | void uart_ps_send(u8* data, u32 size){
      |                   ~~~~^~~~
../src/main.c:129:26: warning: pointer targets in passing argument 1 of 'uart_ps_send' differ in signedness [-Wpointer-sign]
  129 |             uart_ps_send("FR_EXIST\n", 9);
      |                          ^~~~~~~~~~~~
      |                          |
      |                          char *
../src/main.c:63:23: note: expected 'u8 *' {aka 'unsigned char *'} but argument is of type 'char *'
   63 | void uart_ps_send(u8* data, u32 size){
      |                   ~~~~^~~~
../src/main.c:132:26: warning: pointer targets in passing argument 1 of 'uart_ps_send' differ in signedness [-Wpointer-sign]
  132 |             uart_ps_send("FR_INVALID_OBJECT\n", 18);
      |                          ^~~~~~~~~~~~~~~~~~~~~
      |                          |
      |                          char *
../src/main.c:63:23: note: expected 'u8 *' {aka 'unsigned char *'} but argument is of type 'char *'
   63 | void uart_ps_send(u8* data, u32 size){
      |                   ~~~~^~~~
../src/main.c:135:26: warning: pointer targets in passing argument 1 of 'uart_ps_send' differ in signedness [-Wpointer-sign]
  135 |             uart_ps_send("FR_WRITE_PROTECTED\n", 19);
      |                          ^~~~~~~~~~~~~~~~~~~~~~
      |                          |
      |                          char *
../src/main.c:63:23: note: expected 'u8 *' {aka 'unsigned char *'} but argument is of type 'char *'
   63 | void uart_ps_send(u8* data, u32 size){
      |                   ~~~~^~~~
../src/main.c:138:26: warning: pointer targets in passing argument 1 of 'uart_ps_send' differ in signedness [-Wpointer-sign]
  138 |             uart_ps_send("FR_INVALID_DRIVE\n", 17);
      |                          ^~~~~~~~~~~~~~~~~~~~
      |                          |
      |                          char *
../src/main.c:63:23: note: expected 'u8 *' {aka 'unsigned char *'} but argument is of type 'char *'
   63 | void uart_ps_send(u8* data, u32 size){
      |                   ~~~~^~~~
../src/main.c:141:26: warning: pointer targets in passing argument 1 of 'uart_ps_send' differ in signedness [-Wpointer-sign]
  141 |             uart_ps_send("FR_NOT_ENABLED\n", 15);
      |                          ^~~~~~~~~~~~~~~~~~
      |                          |
      |                          char *
../src/main.c:63:23: note: expected 'u8 *' {aka 'unsigned char *'} but argument is of type 'char *'
   63 | void uart_ps_send(u8* data, u32 size){
      |                   ~~~~^~~~
../src/main.c:144:26: warning: pointer targets in passing argument 1 of 'uart_ps_send' differ in signedness [-Wpointer-sign]
  144 |             uart_ps_send("FR_NO_FILESYSTEM\n", 17);
      |                          ^~~~~~~~~~~~~~~~~~~~
      |                          |
      |                          char *
../src/main.c:63:23: note: expected 'u8 *' {aka 'unsigned char *'} but argument is of type 'char *'
   63 | void uart_ps_send(u8* data, u32 size){
      |                   ~~~~^~~~
../src/main.c:147:26: warning: pointer targets in passing argument 1 of 'uart_ps_send' differ in signedness [-Wpointer-sign]
  147 |             uart_ps_send("FR_MKFS_ABORTED\n", 16);
      |                          ^~~~~~~~~~~~~~~~~~~
      |                          |
      |                          char *
../src/main.c:63:23: note: expected 'u8 *' {aka 'unsigned char *'} but argument is of type 'char *'
   63 | void uart_ps_send(u8* data, u32 size){
      |                   ~~~~^~~~
../src/main.c:150:26: warning: pointer targets in passing argument 1 of 'uart_ps_send' differ in signedness [-Wpointer-sign]
  150 |             uart_ps_send("FR_TIMEOUT\n", 12);
      |                          ^~~~~~~~~~~~~~
      |                          |
      |                          char *
../src/main.c:63:23: note: expected 'u8 *' {aka 'unsigned char *'} but argument is of type 'char *'
   63 | void uart_ps_send(u8* data, u32 size){
      |                   ~~~~^~~~
../src/main.c:153:26: warning: pointer targets in passing argument 1 of 'uart_ps_send' differ in signedness [-Wpointer-sign]
  153 |             uart_ps_send("FR_LOCKED\n", 10);
      |                          ^~~~~~~~~~~~~
      |                          |
      |                          char *
../src/main.c:63:23: note: expected 'u8 *' {aka 'unsigned char *'} but argument is of type 'char *'
   63 | void uart_ps_send(u8* data, u32 size){
      |                   ~~~~^~~~
../src/main.c:156:26: warning: pointer targets in passing argument 1 of 'uart_ps_send' differ in signedness [-Wpointer-sign]
  156 |             uart_ps_send("FR_NOT_ENOUGH_CORE\n", 19);
      |                          ^~~~~~~~~~~~~~~~~~~~~~
      |                          |
      |                          char *
../src/main.c:63:23: note: expected 'u8 *' {aka 'unsigned char *'} but argument is of type 'char *'
   63 | void uart_ps_send(u8* data, u32 size){
      |                   ~~~~^~~~
../src/main.c:159:26: warning: pointer targets in passing argument 1 of 'uart_ps_send' differ in signedness [-Wpointer-sign]
  159 |             uart_ps_send("FR_TOO_MANY_OPEN_FILES\n", 23);
      |                          ^~~~~~~~~~~~~~~~~~~~~~~~~~
      |                          |
      |                          char *
../src/main.c:63:23: note: expected 'u8 *' {aka 'unsigned char *'} but argument is of type 'char *'
   63 | void uart_ps_send(u8* data, u32 size){
      |                   ~~~~^~~~
../src/main.c:162:26: warning: pointer targets in passing argument 1 of 'uart_ps_send' differ in signedness [-Wpointer-sign]
  162 |             uart_ps_send("FR_INVALID_PARAMETER\n", 21);
      |                          ^~~~~~~~~~~~~~~~~~~~~~~~
      |                          |
      |                          char *
../src/main.c:63:23: note: expected 'u8 *' {aka 'unsigned char *'} but argument is of type 'char *'
   63 | void uart_ps_send(u8* data, u32 size){
      |                   ~~~~^~~~
../src/main.c:173:22: warning: pointer targets in passing argument 1 of 'uart_ps_send' differ in signedness [-Wpointer-sign]
  173 |         uart_ps_send("f_read failed\n", 14);
      |                      ^~~~~~~~~~~~~~~~~
      |                      |
      |                      char *
../src/main.c:63:23: note: expected 'u8 *' {aka 'unsigned char *'} but argument is of type 'char *'
   63 | void uart_ps_send(u8* data, u32 size){
      |                   ~~~~^~~~
../src/main.c:161:13: warning: label 'FR_INVALID_PARAMETER' defined but not used [-Wunused-label]
  161 |             FR_INVALID_PARAMETER:
      |             ^~~~~~~~~~~~~~~~~~~~
../src/main.c:158:13: warning: label 'FR_TOO_MANY_OPEN_FILES' defined but not used [-Wunused-label]
  158 |             FR_TOO_MANY_OPEN_FILES:
      |             ^~~~~~~~~~~~~~~~~~~~~~
../src/main.c:155:13: warning: label 'FR_NOT_ENOUGH_CORE' defined but not used [-Wunused-label]
  155 |             FR_NOT_ENOUGH_CORE:
      |             ^~~~~~~~~~~~~~~~~~
../src/main.c:152:13: warning: label 'FR_LOCKED' defined but not used [-Wunused-label]
  152 |             FR_LOCKED:
      |             ^~~~~~~~~
../src/main.c:149:13: warning: label 'FR_TIMEOUT' defined but not used [-Wunused-label]
  149 |             FR_TIMEOUT:
      |             ^~~~~~~~~~
../src/main.c:146:13: warning: label 'FR_MKFS_ABORTED' defined but not used [-Wunused-label]
  146 |             FR_MKFS_ABORTED:
      |             ^~~~~~~~~~~~~~~
../src/main.c:143:13: warning: label 'FR_NO_FILESYSTEM' defined but not used [-Wunused-label]
  143 |             FR_NO_FILESYSTEM:
      |             ^~~~~~~~~~~~~~~~
../src/main.c:140:13: warning: label 'FR_NOT_ENABLED' defined but not used [-Wunused-label]
  140 |             FR_NOT_ENABLED:
      |             ^~~~~~~~~~~~~~
../src/main.c:137:13: warning: label 'FR_INVALID_DRIVE' defined but not used [-Wunused-label]
  137 |             FR_INVALID_DRIVE:
      |             ^~~~~~~~~~~~~~~~
../src/main.c:134:13: warning: label 'FR_WRITE_PROTECTED' defined but not used [-Wunused-label]
  134 |             FR_WRITE_PROTECTED:
      |             ^~~~~~~~~~~~~~~~~~
../src/main.c:131:13: warning: label 'FR_INVALID_OBJECT' defined but not used [-Wunused-label]
  131 |             FR_INVALID_OBJECT:
      |             ^~~~~~~~~~~~~~~~~
../src/main.c:128:13: warning: label 'FR_EXIST' defined but not used [-Wunused-label]
  128 |             FR_EXIST:
      |             ^~~~~~~~
../src/main.c:125:13: warning: label 'FR_DENIED' defined but not used [-Wunused-label]
  125 |             FR_DENIED:
      |             ^~~~~~~~~
../src/main.c:122:13: warning: label 'FR_INVALID_NAME' defined but not used [-Wunused-label]
  122 |             FR_INVALID_NAME:
      |             ^~~~~~~~~~~~~~~
../src/main.c:119:13: warning: label 'FR_NO_PATH' defined but not used [-Wunused-label]
  119 |             FR_NO_PATH:
      |             ^~~~~~~~~~
../src/main.c:116:13: warning: label 'FR_NO_FILE' defined but not used [-Wunused-label]
  116 |             FR_NO_FILE:
      |             ^~~~~~~~~~
../src/main.c:113:13: warning: label 'FR_NOT_READY' defined but not used [-Wunused-label]
  113 |             FR_NOT_READY:
      |             ^~~~~~~~~~~~
../src/main.c:110:13: warning: label 'FR_INT_ERR' defined but not used [-Wunused-label]
  110 |             FR_INT_ERR:
      |             ^~~~~~~~~~
../src/main.c: In function 'LCD_Test':
../src/main.c:211:18: warning: pointer targets in passing argument 1 of 'uart_ps_send' differ in signedness [-Wpointer-sign]
  211 |     uart_ps_send("LCD_Test\n", 9);
      |                  ^~~~~~~~~~~~
      |                  |
      |                  char *
../src/main.c:63:23: note: expected 'u8 *' {aka 'unsigned char *'} but argument is of type 'char *'
   63 | void uart_ps_send(u8* data, u32 size){
      |                   ~~~~^~~~
../src/main.c:231:22: warning: pointer targets in passing argument 1 of 'uart_ps_send' differ in signedness [-Wpointer-sign]
  231 |         uart_ps_send("malloc failed\n\r", 15);
      |                      ^~~~~~~~~~~~~~~~~~~
      |                      |
      |                      char *
../src/main.c:63:23: note: expected 'u8 *' {aka 'unsigned char *'} but argument is of type 'char *'
   63 | void uart_ps_send(u8* data, u32 size){
      |                   ~~~~^~~~
../src/main.c:212:13: warning: variable 'res' set but not used [-Wunused-but-set-variable]
  212 |     FRESULT res;
      |             ^~~
Finished building: ../src/main.c
 
Building target: bad_apple_app.elf
Invoking: ARM v7 gcc linker
arm-none-eabi-gcc -mcpu=cortex-a9 -mfpu=vfpv3 -mfloat-abi=hard -Wl,-build-id=none -specs=Xilinx.spec -Wl,-T -Wl,../src/lscript.ld -L/home/hydrangea/project/AMD/bad_apple_7020_lcd/workspace/top_bd_wrapper/export/top_bd_wrapper/sw/top_bd_wrapper/standalone_ps7_cortexa9_0/bsplib/lib -o "bad_apple_app.elf" ./src/main.o  ./includes/lcd_drv.o ./includes/lcd_init.o ./includes/lcd_io_init.o   -Wl,--start-group,-lxil,-lgcc,-lc,--end-group -Wl,--start-group,-lxilffs,-lxil,-lgcc,-lc,--end-group
Finished building target: bad_apple_app.elf
 
Invoking: ARM v7 Print Size
arm-none-eabi-size bad_apple_app.elf  |tee "bad_apple_app.elf.size"
   text	   data	    bss	    dec	    hex	filename
 131048	   2288	1001248	1134584	 114ff8	bad_apple_app.elf
Finished building: bad_apple_app.elf.size
 
