20:16:45 **** Incremental Build of configuration Debug for project bad_apple_app ****
make all 
make --no-print-directory pre-build
a9-linaro-pre-build-step
 
make --no-print-directory main-build
Building file: ../includes/lcd_init.c
Invoking: ARM v7 gcc compiler
arm-none-eabi-gcc -Wall -O0 -g3 -c -fmessage-length=0 -MT"includes/lcd_init.o" -mcpu=cortex-a9 -mfpu=vfpv3 -mfloat-abi=hard -I/home/hydrangea/project/AMD/bad_apple_7020_lcd/worksapce_new/bad_apple_7020_new_platform/export/bad_apple_7020_new_platform/sw/bad_apple_7020_new_platform/standalone_domain/bspinclude/include -MMD -MP -MF"includes/lcd_init.d" -MT"includes/lcd_init.o" -o "includes/lcd_init.o" "../includes/lcd_init.c"
Finished building: ../includes/lcd_init.c
 
Building target: bad_apple_app.elf
Invoking: ARM v7 gcc linker
arm-none-eabi-gcc -mcpu=cortex-a9 -mfpu=vfpv3 -mfloat-abi=hard -Wl,-build-id=none -specs=Xilinx.spec -Wl,-T -Wl,../src/lscript.ld -L/home/hydrangea/project/AMD/bad_apple_7020_lcd/worksapce_new/bad_apple_7020_new_platform/export/bad_apple_7020_new_platform/sw/bad_apple_7020_new_platform/standalone_domain/bsplib/lib -o "bad_apple_app.elf" ./src/main.o  ./includes/lcd_drv.o ./includes/lcd_init.o ./includes/lcd_io_init.o   -Wl,--start-group,-lxil,-lgcc,-lc,--end-group -Wl,--start-group,-lxilffs,-lxil,-lgcc,-lc,--end-group
Finished building target: bad_apple_app.elf
 
Invoking: ARM v7 Print Size
arm-none-eabi-size bad_apple_app.elf  |tee "bad_apple_app.elf.size"
   text	   data	    bss	    dec	    hex	filename
 130872	   2288	4212512	4345672	 424f48	bad_apple_app.elf
Finished building: bad_apple_app.elf.size
 

20:16:46 Build Finished (took 375ms)

